Systems needing exploration: WT_2 G99E G99E_2 K139E K139E_2 M46V M46V_2 I328T I328T_2 I391N I391N_2 K262R K262R_2 R140Q R140Q_2 R487C R487C_2 P428T P428T_2 S259R S259R_2 T306S-R378K T306S-R378K_2
== G99E: mdpocket exploration via lldb (ASLR off), attempt 1 (timeout 5400s)
== WT_2: mdpocket exploration via lldb (ASLR off), attempt 1 (timeout 5400s)
== G99E_2: mdpocket exploration via lldb (ASLR off), attempt 1 (timeout 5400s)
DONE WT_2 (attempt 1, lldb rc=0)
== K139E: mdpocket exploration via lldb (ASLR off), attempt 1 (timeout 5400s)
DONE G99E_2 (attempt 1, lldb rc=0)
== K139E_2: mdpocket exploration via lldb (ASLR off), attempt 1 (timeout 5400s)
DONE G99E (attempt 1, lldb rc=0)
== M46V: mdpocket exploration via lldb (ASLR off), attempt 1 (timeout 5400s)
DONE K139E_2 (attempt 1, lldb rc=0)
== M46V_2: mdpocket exploration via lldb (ASLR off), attempt 1 (timeout 5400s)
DONE K139E (attempt 1, lldb rc=0)
== I328T: mdpocket exploration via lldb (ASLR off), attempt 1 (timeout 5400s)
DONE M46V (attempt 1, lldb rc=0)
== I328T_2: mdpocket exploration via lldb (ASLR off), attempt 1 (timeout 5400s)
DONE M46V_2 (attempt 1, lldb rc=0)
== I391N: mdpocket exploration via lldb (ASLR off), attempt 1 (timeout 5400s)
DONE I328T (attempt 1, lldb rc=0)
== I391N_2: mdpocket exploration via lldb (ASLR off), attempt 1 (timeout 5400s)
DONE I328T_2 (attempt 1, lldb rc=0)
== K262R: mdpocket exploration via lldb (ASLR off), attempt 1 (timeout 5400s)
DONE I391N (attempt 1, lldb rc=0)
== K262R_2: mdpocket exploration via lldb (ASLR off), attempt 1 (timeout 5400s)
DONE I391N_2 (attempt 1, lldb rc=0)
== R140Q: mdpocket exploration via lldb (ASLR off), attempt 1 (timeout 5400s)
DONE K262R (attempt 1, lldb rc=0)
== R140Q_2: mdpocket exploration via lldb (ASLR off), attempt 1 (timeout 5400s)
DONE K262R_2 (attempt 1, lldb rc=0)
== R487C: mdpocket exploration via lldb (ASLR off), attempt 1 (timeout 5400s)
DONE R140Q (attempt 1, lldb rc=0)
== R487C_2: mdpocket exploration via lldb (ASLR off), attempt 1 (timeout 5400s)
DONE R140Q_2 (attempt 1, lldb rc=0)
== P428T: mdpocket exploration via lldb (ASLR off), attempt 1 (timeout 5400s)
DONE R487C (attempt 1, lldb rc=0)
== P428T_2: mdpocket exploration via lldb (ASLR off), attempt 1 (timeout 5400s)
DONE R487C_2 (attempt 1, lldb rc=0)
== S259R: mdpocket exploration via lldb (ASLR off), attempt 1 (timeout 5400s)
DONE P428T (attempt 1, lldb rc=0)
== S259R_2: mdpocket exploration via lldb (ASLR off), attempt 1 (timeout 5400s)
DONE P428T_2 (attempt 1, lldb rc=0)
== T306S-R378K: mdpocket exploration via lldb (ASLR off), attempt 1 (timeout 5400s)
DONE S259R (attempt 1, lldb rc=0)
== T306S-R378K_2: mdpocket exploration via lldb (ASLR off), attempt 1 (timeout 5400s)
DONE S259R_2 (attempt 1, lldb rc=0)
DONE T306S-R378K (attempt 1, lldb rc=0)
DONE T306S-R378K_2 (attempt 1, lldb rc=0)
Exploration driver done.
